> library(bnlearn)
> library(Rgraphviz)
> library(microbenchmark)
> 
> args <- commandArgs(trailingOnly = TRUE)
> sink(file="E:/ProjectPGM/MyCode/log_insurance2.rlog",append=FALSE)
> sink()
> args <- array(c("insurance"),c(1,1))
> print("Command args are == ")
[1] "Command args are == "
> print(args)
     [,1]       
[1,] "insurance"
> debugFlag <- FALSE
> 
> # vDatasets <- list()#"alarm" = alarm,"hailfinder" = hailfinder,"insurance" = insurance)
> # vDatasets["alarm"] <- alarm
> # vDatasets["hailfinder"] <- hailfinder
> # vDatasets["insurance"] <- insurance
> 
> # print(vDatasets)
> print("#################################################")
[1] "#################################################"
> print("##Score Based Algorithms#########################")
[1] "##Score Based Algorithms#########################"
> print("#################################################")
[1] "#################################################"
> if(identical(args[1], "alarm")){
+ data(alarm)
+ input = alarm
+ print("Using Alarm Dataset")
+ }else if(identical(args[1], "insurance")){
+   data(insurance)
+   input = insurance
+   print("Using insurance Dataset")
+ }else if(identical(args[1], "hailfinder")){
+   data(hailfinder)
+   input = hailfinder
+   print("Using hailfinder Dataset")
+ }else if(identical(args[1], "asia")){
+   data(asia)
+   input = asia
+   print("Using asia Dataset")
+ }else{
+   data(alarm)
+   input = alarm
+   print("Defaults: Using Alarm Dataset")
+ }
[1] "Using insurance Dataset"
> 
> ##################################################################################################
> ##Execute different algorithms
>   #### Score based algorithm
>   bn.hc = hc(input, debug=debugFlag) #Hill Climbing algorithm
>   
>   #### Constraint Based Algorithm
>   v_gs = gs(alarm, blacklist=NULL) ##Grow Shrink algorithm
>   V_iamb  = iamb(input,blacklist=NULL) ##c("FIO2","PVS") Incremental Association Marklov Blanket (IAMB) algorithmi
>   v_fiamb = fast.iamb(input,blacklist=NULL) ##Fast Incremental Association Marklov Blanket (Fast-IAMB) algorithm
>   v_iiamb = inter.iamb(input,blacklist=NULL) ##Interleaved Incremental Association Marklov Blanket (Inter-IAMB) algorithm
>   
>   #### Hybrid Algorithm
>   v_mmhc = mmhc(input, debug=debugFlag) ##Max-min hill climbing
>   v_rsmax2 = rsmax2(input) ##Two-Phase Restricted Maximization (RSMAX2) algorithm
>   
>   #### Local Discovery algorithm
>   v_cl = chow.liu(input, debug=debugFlag) ##Chow Liu algorithm
> 
>   sink()
> ##################################################################################################
> 
> 
> ##################################################################################################
> ##Compare results for each algorithms
> print("Comparision between HC and self:")
[1] "Comparision between HC and self:"
> print(shd(bn.hc,bn.hc, debug = debugFlag))
[1] 0
> print(unlist(compare(bn.hc,bn.hc)) )
tp fp fn 
50  0  0 
> print(compare(bn.hc,bn.hc,arcs = debugFlag)) 
$tp
[1] 50

$fp
[1] 0

$fn
[1] 0

> 
> print("Comparision between HC and GS:")
[1] "Comparision between HC and GS:"
> print(shd(bn.hc,v_gs, debug = debugFlag))
Error in match.bn(learned, true) : 
  the two networks have different node sets.
> print(unlist(compare(bn.hc,v_gs)))
Error in match.bn(target, current) : 
  the two networks have different node sets.
> print(compare(bn.hc,v_gs,arcs = debugFlag)) 
Error in match.bn(target, current) : 
  the two networks have different node sets.
> 
> print("Comparision between HC and IAMB:")
[1] "Comparision between HC and IAMB:"
> print(shd(bn.hc,V_iamb, debug = debugFlag))
[1] 38
> print(unlist(compare(bn.hc,V_iamb)))
tp fp fn 
11 19 39 
> print(compare(bn.hc,V_iamb,arcs = debugFlag)) 
$tp
[1] 11

$fp
[1] 19

$fn
[1] 39

> 
> print("Comparision between HC and Fast-IAMB:")
[1] "Comparision between HC and Fast-IAMB:"
> print(shd(bn.hc,v_fiamb, debug = debugFlag))
[1] 36
> print(unlist(compare(bn.hc,v_fiamb)))
tp fp fn 
14 18 36 
> print(compare(bn.hc,v_fiamb,arcs = debugFlag)) 
$tp
[1] 14

$fp
[1] 18

$fn
[1] 36

> 
> print("Comparision between HC and Inter-IAMB:")
[1] "Comparision between HC and Inter-IAMB:"
> print(shd(bn.hc,v_iiamb, debug = debugFlag))
[1] 41
> print(unlist(compare(bn.hc,v_iiamb)))
tp fp fn 
 9 24 41 
> print(compare(bn.hc,v_iiamb,arcs = debugFlag)) 
$tp
[1] 9

$fp
[1] 24

$fn
[1] 41

> 
> print("Comparision between HC and  MMHC:")
[1] "Comparision between HC and  MMHC:"
> print(shd(bn.hc,v_mmhc, debug = debugFlag))
[1] 41
> print(unlist(compare(bn.hc,v_mmhc)))
tp fp fn 
27  6 23 
> print(compare(bn.hc,v_mmhc,arcs = debugFlag)) 
$tp
[1] 27

$fp
[1] 6

$fn
[1] 23

> 
> print("Comparision between HC and RSMAX2:")
[1] "Comparision between HC and RSMAX2:"
> print(shd(bn.hc,v_rsmax2, debug = debugFlag))
[1] 46
> print(unlist(compare(bn.hc,v_rsmax2)))
tp fp fn 
18  1 32 
> print(compare(bn.hc,v_rsmax2,arcs = debugFlag)) 
$tp
[1] 18

$fp
[1] 1

$fn
[1] 32

> 
> print("Comparision between HC and Chow Liu:")
[1] "Comparision between HC and Chow Liu:"
> print(shd(bn.hc,v_cl, debug = debugFlag))
[1] 48
> print(unlist(compare(bn.hc,v_cl)))
tp fp fn 
 0 26 50 
> print(compare(bn.hc,v_cl,arcs = debugFlag)) 
$tp
[1] 0

$fp
[1] 26

$fn
[1] 50

> 
> 
> sink()
> ##################################################################################################
> 
> ##################################################################################################
> ##Get execution time for different algorithms
> print("execution time for HC:")
[1] "execution time for HC:"
> print(system.time(hc(input)))
   user  system elapsed 
   0.58    0.00    0.58 
> 
> print("execution time for GC:")
[1] "execution time for GC:"
> print(system.time( gc(input)))
Garbage collection 11591 = 10717+463+411 (level 2) ... 
38.6 Mbytes of cons cells used (62%)
28.9 Mbytes of vectors used (50%)
   user  system elapsed 
   0.08    0.00    0.08 
> 
> print("execution time for IAMB:")
[1] "execution time for IAMB:"
> print(system.time(iamb(input)))
   user  system elapsed 
   0.81    0.00    0.81 
> 
> print("execution time for Fast-IAMB:")
[1] "execution time for Fast-IAMB:"
> print(system.time(fast.iamb(input)))
   user  system elapsed 
   0.87    0.00    0.88 
> 
> print("execution time for Inter-IAMB:")
[1] "execution time for Inter-IAMB:"
> print(system.time(inter.iamb(input)) )
   user  system elapsed 
   0.86    0.00    0.86 
> 
> print("execution time for MMHC:")
[1] "execution time for MMHC:"
> print(system.time(mmhc(input)) )
   user  system elapsed 
   0.92    0.00    0.92 
> 
> print("execution time for RSMAX2:")
[1] "execution time for RSMAX2:"
> print(system.time(rsmax2(input)))
   user  system elapsed 
   0.81    0.00    0.81 
> 
> print("execution time for Chow Liu:")
[1] "execution time for Chow Liu:"
> print(system.time(chow.liu(input)))
   user  system elapsed 
   0.05    0.00    0.05 
> 
> sink()
> ##################################################################################################
> 
> ##################################################################################################
> ##Get Scores for different algorithms
> 
> print("LogLik Score for HC:")
[1] "LogLik Score for HC:"
> print(score(bn.hc,input,type="loglik"))
[1] -262349.7
> 
> print("LogLik  Score for GC:")
[1] "LogLik  Score for GC:"
> print(score(v_gs,input,type="loglik"))
Error in check.bn.vs.data(x, data) : 
  the network and the data have different numbers of variables.
> 
> print("LogLik Score for IAMB:")
[1] "LogLik Score for IAMB:"
> print(score(v_iamb,input,type="loglik"))
Error in match(x, table, nomatch = 0L) : object 'v_iamb' not found
> 
> print("LogLik Score for Fast-IAMB:")
[1] "LogLik Score for Fast-IAMB:"
> print(score(v_fiamb,input,type="loglik"))
Error in score(v_fiamb, input, type = "loglik") : 
  the graph is only partially directed.
> 
> print("LogLik Score for Inter-IAMB:")
[1] "LogLik Score for Inter-IAMB:"
> print(score(v_iiamb,input,type="loglik"))
Error in score(v_iiamb, input, type = "loglik") : 
  the graph is only partially directed.
> 
> print("LogLik Score for MMHC:")
[1] "LogLik Score for MMHC:"
> print(score(v_mmhc,input,type="loglik"))
[1] -278920
> 
> print("LogLik Score for RSMAX2:")
[1] "LogLik Score for RSMAX2:"
> print(score(v_rsmax2,input,type="loglik"))
[1] -322420.3
> 
> print("LogLik Score for Chow Liu:")
[1] "LogLik Score for Chow Liu:"
> print(score(v_cl,input,type="loglik"))  
Error in score(v_cl, input, type = "loglik") : 
  the graph is only partially directed.
> 
> sink()
> 
> 
>   print("K2 Score for HC:")
[1] "K2 Score for HC:"
> print(score(bn.hc,input,type="k2"))
[1] -265243.8
> 
> print("K2  Score for GC:")
[1] "K2  Score for GC:"
> print(score(v_gs,input,type="k2"))
Error in check.bn.vs.data(x, data) : 
  the network and the data have different numbers of variables.
> 
> print("K2 Score for IAMB:")
[1] "K2 Score for IAMB:"
> print(score(v_iamb,input,type="k2"))
Error in match(x, table, nomatch = 0L) : object 'v_iamb' not found
> 
> print("K2 Score for Fast-IAMB:")
[1] "K2 Score for Fast-IAMB:"
> print(score(v_fiamb,input,type="k2"))
Error in score(v_fiamb, input, type = "k2") : 
  the graph is only partially directed.
> 
> print("K2 Score for Inter-IAMB:")
[1] "K2 Score for Inter-IAMB:"
> print(score(v_iiamb,input,type="k2"))
Error in score(v_iiamb, input, type = "k2") : 
  the graph is only partially directed.
> 
> print("K2 Score for MMHC:")
[1] "K2 Score for MMHC:"
> print(score(v_mmhc,input,type="k2"))
[1] -280453.5
> 
> print("K2 Score for RSMAX2:")
[1] "K2 Score for RSMAX2:"
> print(score(v_rsmax2,input,type="k2"))
[1] -323321
> 
> print("K2 Score for Chow Liu:")
[1] "K2 Score for Chow Liu:"
> print(score(v_cl,input,type="k2"))  
Error in score(v_cl, input, type = "k2") : 
  the graph is only partially directed.
> 
> sink()
> ##################################################################################################
> ##Draw graph for different algorithms
> par(mfrow = c(1,2), omi = rep(0, 4), mar = c(1, 0, 1, 0))
> graphviz.plot(bn.hc,main = "Hill-Climbing algorithm")
> 
> par(mfrow = c(1,2), omi = rep(0, 4), mar = c(1, 0, 1, 0))
> graphviz.plot(v_gs,main = "Grow-Shrink algorithm")
> 
> par(mfrow = c(1,2), omi = rep(0, 4), mar = c(1, 0, 1, 0))
> graphviz.plot(V_iamb,main = "IAMB algorithm")
> 
> par(mfrow = c(1,2), omi = rep(0, 4), mar = c(1, 0, 1, 0))
> graphviz.plot(v_fiamb,main = "FIAMB algorithm")
> 
> par(mfrow = c(1,2), omi = rep(0, 4), mar = c(1, 0, 1, 0))
> graphviz.plot(v_iiamb,main = "IIAMB algorithm")
> 
> par(mfrow = c(1,2), omi = rep(0, 4), mar = c(1, 0, 1, 0))
> graphviz.plot(v_mmhc,main = "MMHC algorithm")
> 
> par(mfrow = c(1,2), omi = rep(0, 4), mar = c(1, 0, 1, 0))
> graphviz.plot(v_rsmax2,main = "RSMAX2 algorithm")
> 
> par(mfrow = c(1,2), omi = rep(0, 4), mar = c(1, 0, 1, 0))
> graphviz.plot(v_cl,main = "Chow-Liu algorithm")
> 
> sink()